
kumarsa@L10ASO-PF1SH4QL MINGW64 /c/work/site---my-rotary/sites/all/modules/custom/rotary_donate_widget/js (OG-1522-DMI)
$ git checkout dpm

kumarsa@L10ASO-PF1SH4QL MINGW64 /c/work/site---my-rotary/sites/all/modules/custom/rotary_donate_widget/js (OG-1522-DMI)
$ git stash
kumarsa@L10ASO-PF1SH4QL MINGW64 /c/work/site---my-rotary/sites/all/modules/custom/rotary_donate_widget/js (dpm)
$ git pull
kumarsa@L10ASO-PF1SH4QL MINGW64 /c/work/site---my-rotary/sites/all/modules/custom/rotary_donate_widget/js (dpm)
$ yarn build
kumarsa@L10ASO-PF1SH4QL MINGW64 /c/work/site---my-rotary/sites/all/modules/custom/rotary_donate_widget/js (dpm)
$ git status
On branch dpm
Your branch is up to date with 'upstream/dpm'.
Changes not staged for commit:
  (use "git add <file>..." to update what will be committed)
  (use "git restore <file>..." to discard changes in working directory)
    modified:   build/main.js
kumarsa@L10ASO-PF1SH4QL MINGW64 /c/work/site---my-rotary/sites/all/modules/custom/rotary_donate_widget/js (dpm)
$ git commit -m "BUILD DPM REACTJS APP" --no-verify
kumarsa@L10ASO-PF1SH4QL MINGW64 /c/work/site---my-rotary/sites/all/modules/custom/rotary_donate_widget/js (dpm)
$ git push

